// Jest Snapshot v1, https://goo.gl/fbAQLP

exports[`MyComponent Rendering addmenu Page 1`] = `ShallowWrapper {}`;
