// Jest Snapshot v1, https://goo.gl/fbAQLP

exports[`MyComponent Rendering home Page 1`] = `ShallowWrapper {}`;
